// Jest Snapshot v1, https://goo.gl/fbAQLP

exports[`render profile View Container renders profile component correctly 1`] = `
<div>
  <withRouter(Connect(LoginForm)) />
</div>
`;
